> Task :app:checkKotlinGradlePluginConfigurationErrors
> Task :app:preBuild UP-TO-DATE
> Task :app:preDebugBuild UP-TO-DATE
> Task :app:checkDebugAarMetadata UP-TO-DATE
> Task :app:generateDebugResValues UP-TO-DATE
> Task :app:mapDebugSourceSetPaths UP-TO-DATE
> Task :app:generateDebugResources UP-TO-DATE
> Task :app:mergeDebugResources UP-TO-DATE
> Task :app:packageDebugResources UP-TO-DATE
> Task :app:parseDebugLocalResources UP-TO-DATE
> Task :app:createDebugCompatibleScreenManifests UP-TO-DATE
> Task :app:extractDeepLinksDebug UP-TO-DATE
> Task :app:processDebugMainManifest UP-TO-DATE
> Task :app:processDebugManifest UP-TO-DATE
> Task :app:processDebugManifestForPackage UP-TO-DATE
> Task :app:processDebugResources UP-TO-DATE
> Task :app:javaPreCompileDebug UP-TO-DATE
> Task :app:preDebugUnitTestBuild UP-TO-DATE
> Task :app:javaPreCompileDebugUnitTest

> Task :app:kaptGenerateStubsDebugKotlin FAILED
e: file:///app/app/src/main/java/com/artimesblue/focusflow/ui/DashboardScreen.kt:12:1 Expecting a top level declaration
e: file:///app/app/src/main/java/com/artimesblue/focusflow/ui/DashboardScreen.kt:12:2 Expecting a top level declaration
e: file:///app/app/src/main/java/com/artimesblue/focusflow/ui/DashboardScreen.kt:12:3 Expecting a top level declaration
e: file:///app/app/src/main/java/com/artimesblue/focusflow/ui/DashboardScreen.kt:12:4 Expecting a top level declaration
e: file:///app/app/src/main/java/com/artimesblue/focusflow/ui/DashboardScreen.kt:12:5 Expecting a top level declaration
e: file:///app/app/src/main/java/com/artimesblue/focusflow/ui/DashboardScreen.kt:12:6 Expecting a top level declaration
e: file:///app/app/src/main/java/com/artimesblue/focusflow/ui/DashboardScreen.kt:12:7 Expecting a top level declaration
e: file:///app/app/src/main/java/com/artimesblue/focusflow/ui/DashboardScreen.kt:12:9 Expecting a top level declaration
e: file:///app/app/src/main/java/com/artimesblue/focusflow/ui/DashboardScreen.kt:13:1 Expecting a top level declaration
e: file:///app/app/src/main/java/com/artimesblue/focusflow/ui/DashboardScreen.kt:13:2 Expecting a top level declaration
e: file:///app/app/src/main/java/com/artimesblue/focusflow/ui/DashboardScreen.kt:13:3 Expecting a top level declaration
e: file:///app/app/src/main/java/com/artimesblue/focusflow/ui/DashboardScreen.kt:13:4 Expecting a top level declaration
e: file:///app/app/src/main/java/com/artimesblue/focusflow/ui/DashboardScreen.kt:13:5 Expecting a top level declaration
e: file:///app/app/src/main/java/com/artimesblue/focusflow/ui/DashboardScreen.kt:13:6 Expecting a top level declaration
e: file:///app/app/src/main/java/com/artimesblue/focusflow/ui/DashboardScreen.kt:13:7 Expecting a top level declaration
e: file:///app/app/src/main/java/com/artimesblue/focusflow/ui/DashboardScreen.kt:13:9 Expecting a top level declaration
e: file:///app/app/src/main/java/com/artimesblue/focusflow/ui/DashboardScreen.kt:14:1 Expecting a top level declaration
e: file:///app/app/src/main/java/com/artimesblue/focusflow/ui/DashboardScreen.kt:14:4 Expecting a top level declaration
e: file:///app/app/src/main/java/com/artimesblue/focusflow/ui/DashboardScreen.kt:14:7 Expecting a top level declaration
e: file:///app/app/src/main/java/com/artimesblue/focusflow/ui/DashboardScreen.kt:14:8 imports are only allowed in the beginning of file
e: file:///app/app/src/main/java/com/artimesblue/focusflow/ui/DashboardScreen.kt:16:1 Expecting a top level declaration
e: file:///app/app/src/main/java/com/artimesblue/focusflow/ui/DashboardScreen.kt:16:2 Expecting a top level declaration
e: file:///app/app/src/main/java/com/artimesblue/focusflow/ui/DashboardScreen.kt:16:3 Expecting a top level declaration
e: file:///app/app/src/main/java/com/artimesblue/focusflow/ui/DashboardScreen.kt:16:4 Expecting a top level declaration
e: file:///app/app/src/main/java/com/artimesblue/focusflow/ui/DashboardScreen.kt:16:5 Expecting a top level declaration
e: file:///app/app/src/main/java/com/artimesblue/focusflow/ui/DashboardScreen.kt:16:6 Expecting a top level declaration
e: file:///app/app/src/main/java/com/artimesblue/focusflow/ui/DashboardScreen.kt:16:7 Expecting a top level declaration
e: file:///app/app/src/main/java/com/artimesblue/focusflow/ui/DashboardScreen.kt:16:9 Expecting a top level declaration
e: file:///app/app/src/main/java/com/artimesblue/focusflow/ui/DashboardScreen.kt:16:12 Expecting a top level declaration
e: file:///app/app/src/main/java/com/artimesblue/focusflow/ui/DashboardScreen.kt:16:49 imports are only allowed in the beginning of file
e: file:///app/app/src/main/java/com/artimesblue/focusflow/ui/DashboardScreen.kt:19:1 Expecting a top level declaration
e: file:///app/app/src/main/java/com/artimesblue/focusflow/ui/DashboardScreen.kt:19:4 Expecting a top level declaration
e: file:///app/app/src/main/java/com/artimesblue/focusflow/ui/DashboardScreen.kt:19:7 Expecting a top level declaration
e: file:///app/app/src/main/java/com/artimesblue/focusflow/ui/DashboardScreen.kt:19:8 imports are only allowed in the beginning of file
e: file:///app/app/src/main/java/com/artimesblue/focusflow/ui/DashboardScreen.kt:21:1 Expecting a top level declaration
e: file:///app/app/src/main/java/com/artimesblue/focusflow/ui/DashboardScreen.kt:21:2 Expecting a top level declaration
e: file:///app/app/src/main/java/com/artimesblue/focusflow/ui/DashboardScreen.kt:21:3 Expecting a top level declaration
e: file:///app/app/src/main/java/com/artimesblue/focusflow/ui/DashboardScreen.kt:21:4 Expecting a top level declaration
e: file:///app/app/src/main/java/com/artimesblue/focusflow/ui/DashboardScreen.kt:21:5 Expecting a top level declaration
e: file:///app/app/src/main/java/com/artimesblue/focusflow/ui/DashboardScreen.kt:21:6 Expecting a top level declaration
e: file:///app/app/src/main/java/com/artimesblue/focusflow/ui/DashboardScreen.kt:21:7 Expecting a top level declaration
e: file:///app/app/src/main/java/com/artimesblue/focusflow/ui/DashboardScreen.kt:21:9 Expecting a top level declaration
e: file:///app/app/src/main/java/com/artimesblue/focusflow/ui/DashboardScreen.kt:21:15 imports are only allowed in the beginning of file

FAILURE: Build failed with an exception.

* What went wrong:
Execution failed for task ':app:kaptGenerateStubsDebugKotlin'.
> A failure occurred while executing org.jetbrains.kotlin.compilerRunner.GradleCompilerRunnerWithWorkers$GradleKotlinCompilerWorkAction
   > Compilation error. See log for more details

* Try:
> Run with --stacktrace option to get the stack trace.
> Run with --info or --debug option to get more log output.
> Run with --scan to get full insights.
> Get more help at https://help.gradle.org.

Deprecated Gradle features were used in this build, making it incompatible with Gradle 9.0.

You can use '--warning-mode all' to show the individual deprecation warnings and determine if they come from your own scripts or plugins.

For more on this, please refer to https://docs.gradle.org/8.8/userguide/command_line_interface.html#sec:command_line_warnings in the Gradle documentation.

BUILD FAILED in 5s
16 actionable tasks: 3 executed, 13 up-to-date
